Rd, Rd, Gg, Gg, Gg, Gg, Gg, Gg, Gg, Gg, Gg, Gg, Gg, Hh, Hh, Hh, Hh, Gg, Gs^Fds, Gs^Fds, Hh^Fms, Hh^Fms, Gs^Fms, Gs^Fds, Gs^Fds, Gs^Fds, Hh^Fds, Hh^Fds, Gs^Fds, Gs^Fds, Gs^Fms, Gs^Fds, Gs^Fds, Gs^Fds, Gll^Fmw, Gll^Fmw, Gll^Fmw, Gll^Fmw, Gll^Fdw, Gll^Fmw, Gll^Fmw, Gll^Fmw
Rd, Rd, Gg, Gg, Gg, Gg, Gg, Gg, Gs, Gg, Rd, Gg, Hh, Hh, Hh, Hh, Hh^Fds, Hh^Fds, Gs^Fds, Hh^Fds, Hh^Fms, Hh^Fms, Hh^Fds, Gs^Fds, Hh^Fds, Hh^Fds, Hh^Fms, Hh^Fds, Gs^Fms, Gs^Fms, Gs^Fms, Gs^Fds, Gll^Fmw, Gll^Fmw, Gll^Fmw, Gll^Fmw, Hh, Gll^Fmw, Gll^Fmw, Gll^Fdw, Gll^Fdw, Gll^Fmw
Rd, Rd, Rd, Rd, Gg, Gg, Gg, Gg, Gs, Gs, Rd, Hh, Hh, Hh, Hh, Hh, Hh, Hh^Fds, Hh^Fds, Gs^Fds, Hh^Fds, Hh^Fms, Hh^Fds, Hh^Fds, Hh^Fds, Hh^Fds, Gs^Fms, Gs^Fms, Hh^Fds, Hh^Fds, Hh^Fds, Hh^Fds, Gs^Fds, Gs^Fds, Hh, Hh, Hh, Hh^Fds, Gll^Fmw, Gll^Fmw, Gll^Fdw, Gll^Fmw
Hh, Rd, Rd, Rd, Gg, Gg, Gg, Gs, Gs, Rd, Gd^Vhr, Rd, Hh, Hh, Hh, Hh, Hh, Hh, Hh, Gs, Gs^Fds, Hh^Fds, Gs^Fds, Hh^Fds, Hh^Fds, Gs^Fms, Gll^Fp, Gs^Fds, Hh^Fms, Hh^Fms, Hh^Fms, Hh^Fds, Gs^Fds, Gs^Fds, Hh, Hh, Hh, Hh^Fds, Gs^Fms, Gll^Fmw, Gll^Fmw, Gll^Fdw
Hh, Gg, Gg, Gg, Gg, Gg, Gg, Gs, Gs, Gs, Gs, Rd, Hh, Gg, Gg, Gg, Hh, Gs, Gs, Gs, Gs^Fds, Gs^Fds, Gs^Fds, Gs^Fds, Gs^Fds, Gs^Fds, Gll^Fp, Gll^Fp, Hh^Fms, Hh^Fms, Gs^Fds, Gs^Fds, Gs^Fds, Gs^Fds, Gg^Edt, Gd^Vhr, Hh, Hh, Hh^Fds, Gll^Fmw, Gll^Fdw, Gll^Fmw
Hh, Hh, Gg, Gg, Gg, Gg, Gg, Gg, Gg, Gg, Gg, Gg, Gg, Gg, Gg, Gg, Gs, Gs, Gs, Gs^Fds, Gs^Fds, Gs^Fds, Gs^Fds, Gll^Fp, Gll^Fp, Gll^Fp, Hh^Fds, Gs^Fds, Gs^Fms, Gs^Fds, Gg, Gg, Gg, Gg^Edt, Gg, Gg^Edt, Hh, Hh, Gs^Fms, Gll^Fmw, Gll^Fmw, Gll^Fmw
Hh, Hh, Hh, Gg, Gg, Gg, Rd, Gg, Rd, Gg, Gg, Gg, Gg, Gg, Gg, Gg, Gg, Gs, Hh, Hh, Hh, Hh^Fds, Hh, Gs^Fds, Gs^Fds, Hh^Fds, Hh^Fms, Hh^Fms, Gs^Fds, Gg, Gs, Gs^Fds, Gs^Fds, Gs^Fds, Gg, Gs^Fds, Gs^Fds, Gs^Fds, Gs^Fms, Gs^Fms, Gll^Fp, Gll^Fmw
Hh, Hh, Gs, Gg, Gg, Gg, Gg, Rd, Rd, Gs, Gg, Gg, Gg, Gg, Gs^Vc, Gg, Gg, Gg^Fp, Gll^Fp, Gll^Fp, Hh^Fp, Hh, Hh, Hh, Hh, Gs^Fds, Gs^Fds, Gs^Fds, Gs^Fds, Gg, Gg, Gs^Fds, Gs^Fds, Gg, Gs, Gs^Fds, Gg^Edt, Gs^Fds, Gd^Vhr, Gs^Fds, Gll^Fp, Gs^Fds
Hh, Hh, Gs, Gs^Vc, Gg, Gs, Gg, Rd, Rd, Gs, Gs, Gs, Gg, Gg, Gg, Gg, Gll^Fp, Gll^Fp, Gll^Fp, Gll^Fmw, Hh^Fp, Hh, Hh, Gg, Gg, Gg, Gg, Gg, Gg, Gs, Gs, Gg, Gg, Gg, Gs, Gs, Gs, Gg^Edt, Gll^Fp, Gs^Fms, Gs^Fds, Gs^Fds
Hh, Gg, Gg, Gg, Gg, Gg, Gg, Rd, Gs, Gs, Gs, Gg, Gg, Gg, Gg, Gg, Gg, Gll^Fmw, Gll^Em, Gll^Fmw, Hh^Fp, Hh, Gll^Fp, Hh, Ds, Ww^Qhu, Ds, Gg, Ww, Gg, Gg, Gg, Gs^Fds, Gg, Gg^Edt, Gg, Gg, Gg, Gll^Fp, Gs^Fds, Gll^Fp, Gll^Fp
Gg, Gg, Gg, Gg, Re^Edt, Re^Edt, Gg, Gg, Gg, Gg, Gg, Gg, Gg, Gg, Gg, Gg, Gg, Gll^Fp, Gll^Fp, Gll^Emf, Gll^Em, Gll^Fp, Gll^Fmw, Gg, Ds, Ww^Qhu, Wo, Ww, Ww, Ww, Gg, Gs^Fds, Gs^Fds, Gg, Gg^Edt, Gg^Edt, Gd^Vhr, Gll^Fp, Gll^Fp, Gll^Fp, Gll^Fp, Gll^Fp
Gg, Gg, Gg, Gg, Rb, Re^Edt, Gg, Gg, Gg, Gg, Gg, Gs, Gs^Edt, Gs, Gs, Gg, Gg, Gll^Fp, Gg, Gll^Fp, Gg, Gll^Fp, Gg, Gg, Ww, Ww^Qhu, Wo, Wo, Ds, Ds, Gs^Fms, Gs^Fds, Gll^Fp, Gs^Fds, Gs^Fms, Gs^Fds, Gs^Fds, Gll^Fp, Gll^Fp, Gll^Fp, Gll^Fp, Gll^Fp
Gs^Fms, Gg, Gg, Re^Edt, Gg, Gg, Gg, Gg, Gll^Fdw, Gg, Gg, Gg, Re^Edt, Gs, Gg, Gs, Gg, Gg, Gg, Gg, Gg, Gll^Fp, Gg, Gg, Ww, Wo, Ww, Ww, Gg, Gs^Fds, Gs^Fds, Gs^Fms, Gll^Fp, Gll^Fp, Gll^Fp, Gs^Fms, Gs^Fms, Gs^Fds, Gs^Fds, Gll^Fp, Gs^Fms, Gll^Fp
Gs^Fms, Gs^Fms, Gg, Gs^Fms, Gs^Fms, Gs^Fms, Gg, Gg, Gll^Fdw, Gll^Fmw, Gg, Rb, Re^Edt, Re^Edt, Gs, Gg, Gg, Gg, Gg, Gg, Gg, Gg, Gg, Gs, Gs, Gs, Ww, Gg, Gs^Fds, Gg, Gs^Fms, Gs^Fms, Gs^Fds, Gs^Fds, Gs^Fds, Gs^Fds, Gs^Fds, Gs^Fms, Gs^Fms, Gs^Fms, Gs^Fms, Gll^Fp
Hh^Fms, Gs^Fms, Gll^Fdw, Gs^Fms, Gll^Fdw, Gs^Fms, Gll^Fdw, Gg, Gg, Gll^Fdw, Gg, Gs, Gll, Gg, Gg, Gs, Gg, Gg, Gg, Gg, Gg, Gg, Gs, Gs^Edt, Gs^Edt, Gs, Gg, Gg, Gs^Fds, Gs^Fds, Gs^Fms, Gs^Fms, Gs^Fms, Gg, Gg, Gs^Fds, Gg, Gs^Fds, Gs^Fms, Gs^Fms, Gs^Fms, Gs^Fds
Mm, Hh^Fms, Mm, Hh^Fdw, Hh^Fmw, Hh^Fdw, Gll^Fmw, Gll^Fdw, Gll^Em, Gg, Gll^Fdw, Gll, Gll^Fdw, Gg, Gg, Gg, Gg, Gg, Chr, Chr, Chr, Gg, Re, Gs^Edt, Gs^Edt, Gs, Gs, Gs, Gs^Fms, Gs^Fds, Gs^Fds, Gs^Fds, Gs^Fds, Gg, Gg, Gg, Gs^Fds, Gg, Gs^Fds, Gll^Fp, Gll^Fp, Gs^Fms
Mm, Mm, Mm, Hh, Hh, Hh, Gll, Gll, Gg, Gll, Gll^Fdw, Gll^Fmw, Gll^Fmw, Gll^Fdw, Gg, Gg, Gg, Gg, Chr, Khr, Chr, Re, Re, Rb, Gs^Edt, Gs^Edt, Gg, Gs^Fds, Gg, Gs^Fds, Gg, Gg, Gg, Gg, Gg, Gs^Fds, Gs^Fds, Gg, Gs^Fds, Gll^Fp, Gll^Fp, Gll^Fp
Hh, Mm, Hh, Hh, Gll, Hh, Gll, Ss^Qhu, Gll, Gg, Gll, Gll, Gll^Fdw, Gll, Gg, Gg, Gg, Re, Re, Chr, Khr, Chr, Gg, Re, Gs, Gg, Gg, Gg, Gg, Gg, Gg, Gg, Gg, Gg, Gg, Gg, Gd^Vhr, Gs^Fds, Gs^Fds, Gs^Fms, Gll^Fp, Gll^Fp
Hh^Fdw, Hh^Fmw, Hh, Gll, Gll, Gll^Em, Gll, Gll, Rb, Gg, Gll, Ss^Qhu, Gll, Gll^Fdw, Gg, Rb, Re, Re, Re, Chr, Chr, Chr, Gg, Gg, Gg, Gg, Gg, Gg, Gg, Gg, Gg, Gs^Fds, Gs^Fms, Gs^Fds, Gg, Gg, Gg, Gs^Fds, Gs^Fds, Gs^Fms, Gs^Fms, Gs^Fds
Gll^Qhu, Ss^Qhu, Ss^Qhu, Ss^Qhu, Gll^Em, Gll^Emf, Ss^Qhu, Gll, Gll, Gll, Ss^Qhu, Ss^Qhu, Gll, Gg, Gg, Gg, Re, Gg, Gg, Gg^_ml, Gg, Gg, Gg, Gg, Gg, Gg, Gs, Gg, Gg, Gg, Gs^Fds, Gs^Fms, Gs^Fms, Gg, Gg, Gg, Gg, Gg, Gg, Gs^Fms, Gg, Gg
Ww^Qhu, Ww^Qhu, Ww^Qhu, Ww^Qhu, Ww^Qhu, Gll, Ss^Qhu, Ss^Qhu, Ss^Qhu, Gg^Em, Gll, Ss^Qhu, Ss^Qhu, Gll, Gg, Gg, Re, Gg, Gg, Gg, Gg, Gg, Gg, Gg, Gs, Gs^Fds, Gs, Gg, Gg, Gg, Gg^Edt, Rb, Gs^Fds, Gs^Fds, Gg, Gg, Gg, Gg, Gg, Gg, Gg, Gg
Ss^Qhu, Ss^Qhu, Ss^Qhu, Ww^Qhu, Ss^Qhu, Ww^Qhu, Ww^Qhu, Ss^Qhu, Ss^Qhu, Gll, Gll^Fdw, Gll^Fmw, Ss^Qhu, Gg, Re, Re, Gg, Gg, Gg, Gg, Gg, Gg, Gg, Gs^Fds, Gs^Fds, Gs, Gs^Edt, Gs, Gs, Gs, Gs^Edt, Gg^Edt, Gg, Gg, Gg, Gg, Gg, Gg, Gg, Gg, Gg, Gg
Gg, Ss^Qhu, Gg, Ss^Qhu, Gg, Ss^Qhu, Ww^Qhu, Ss^Qhu, Gg, Gll, Gg, Gll^Fdw, Gll^Fdw, Gg, Re, Gs^Edt, Gd^Vhr, Gg, Gg, Gg, Gg, Gg, Gg^Edt, Gg, Gg, Gg, Gs^Edt, Gs, Gg, Gs, Gg^Edt, Gg, Gll^Fp, Gg, Gs^Fds, Gg, Gg, Gg, Gg, Gg, Gg, Gg
Gs^Fds, Gg, Gll^Fmw, Gg, Ss^Qhu, Ss^Qhu, Ww^Qhu, Ss^Qhu, Ds, Gg, Ds, Gg, Gg, Gg, Re, Gs, Gs^Edt, Gs^Edt, Gs, Gs, Gg, Gs^Edt, Gg^Edt, Rb, Gg, Gg^Edt, Gs^Edt, Gs, Gg, Gg, Gg, Gg, Gll^Fp, Gll^Fp, Gs^Fms, Gg, Rd, Rd, Gg, Gg, Gg, Gg
Gs^Fds, Gll^Fmw, Gll^Fmw, Gll, Gll, Ss^Qhu, Ds^Qhu, Ww^Qhu, Ww^Qhu, Ds, Ww^Qhu, Ds, Gg, Gg, Re, Gs, Gs, Gs, Gs, Gs, Gg, Gg, Gs^Fds, Gg, Gg, Gs, Gs, Gg, Gg, Gg, Gs^Fds, Gs^Fds, Gd^Vhr, Gll^Fp, Gs^Fms, Gs^Fds, Rd, Rd, Gg, Gg, Ww^Qhu, Ww^Qhu
Gs^Fds, Gll^Fp, Gg^Edt, Gll^Fmw, Gll, Ss^Qhu, Gll, Ds^Qhu, Ss^Qhu, Ww^Qhu, Ss^Qhu, Ww^Qhu, Ww^Qhu, Re, Ww^Qhu, Ds, Ds, Ds, Gs, Gg, Gg, Gs^Fds, Gg, Gs^Fds, Gg, Gg, Gg, Gg, Gg, Gg, Gg, Gs^Fds, Gg, Gs^Fms, Gs^Fds, Rd, Rd, Ds, Ds, Ww^Qhu, Wo^Qhu, Ww^Qhu
Gll, Gs^Fms, Gg^Edt, Gll, Gll^Em, Gll, Gll^Em, Gll, Gll^Fmw, Ss^Qhu, Gll^Fmw, Gll^Fdw, Gll^Fdw, Ww^Qhu, Gll, Ww^Qhu, Ww^Qhu, Ds, Ds, Gg, Gg, Gg, Gg, Gg, Gg, Gg, Gg, Gg, Gg, Gg, Gg, Gg, Gg, Gs^Fds, Gg, Gg, Ds, Ds, Ww^Qhu, Ww^Qhu, Wo^Qhu, Ww^Qhu
Gll, Gll^Edt, Gg^Edt, Gll, Ss, Ss, Gll^Edt, Gll, Gll^Fdw, Gll^Fdw, Gll^Fmw, Re^Edt, Rb, Re, Gll^Edt, Ss^Qhu, Ss^Qhu, Ww^Qhu, Ds, Gg, Gg, Gg, Gs, Gg, Gg, Gg, Gg, Gg, Gs^Fds, Gg, Gs^Fds, Gg, Gg, Gg, Rd, Gg, Ds, Ds, Wo^Qhu, Wo^Qhu, Ww^Qhu, Ds^Qhu
Gll, Rb, Gg, Gg, Gg, Gd^Vhr, Re^Edt, Gg, Gg, Gll^Fmw, Gg, Gg, Re, Re, Gll^Edt, Gll, Ss^Qhu, Ww^Qhu, Ss^Qhu, Gg, Gg, Gg, Gs, Gs, Gg, Gg, Gg, Gg, Gs^Fds, Gs^Fds, Gs^Fds, Gs^Fms, Gs^Fds, Gs^Fds, Rd, Ds, Ds, Ww^Qhu, Wo^Qhu, Ww^Qhu, Ds^Qhu, Ds^Qhu
Gg, Gg, Gg, Gg, Gg, Re, Gg, Gs, Gs, Gg, Gs, Re, Gg, Gg^Edt, Gs^Fds, Gs^Fds, Gs^Fms, Ww^Qhu, Ww^Qhu, Ss^Qhu, Ds, Gg, Gs, Gs, Gg, Gg, Gg, Gs^Fds, Gs^Fds, Gll^Fp, Gll^Fp, Gs^Fms, Gs^Fms, Rd, Gs^Fds, Rd, Ds, Ww^Qhu, Ww^Qhu, Wwr^Qhu, Ds^Qhu, Gg
Gs^Fds, Gg, Gg, Gg, Gg, Gg, Gs, Gs, Gs, Gs, Re, Re, Gll, Gll, Gs^Fds, Gll^Fp, Gll, Gs^Fds, Ss^Qhu, Ww^Qhu, Ds, Ds, Gs, Gs, Gs, Gs, Gg, Gs^Fds, Gs^Fds, Gs^Fds, Gll^Fp, Gs^Fms, Gll^Fp, Gs^Fms, Gs^Fds, Gs^Fds, Ww^Qhu, Ww^Qhu, Ww^Qhu, Ds^Qhu, Gg, Gg
Gs^Fms, Gg, Gs^Fds, Gg, Gg^Edt, Gg, Gs, Gs, Re, Re, Re^Edt, Gll^Edt, Ss, Gll, Gg, Gg, Gg^Edt, Gll, Gg, Ww^Qhu, Ww^Qhu, Ds, Ds, Gs, Gs, Gs, Gs, Gs^Vc, Gs^Fds, Gs^Fds, Gs^Fms, Gll^Fp, Gs^Fds, Gs^Fms, Gs^Fds, Gs^Fds, Wwr^Qhu, Ww^Qhu, Ww^Qhu, Ds^Qhu, Gg, Gg
Gs^Fds, Gs^Fms, Gs^Fds, Re, Re^Edt, Gg, Gg, Gg, Re, Gg, Gg, Gd^Vhr, Re^Edt, Gll, Gg, Gg, Re, Re^Edt, Gd^Vhr, Gg, Gg, Ww^Qhu, Ww^Qhu, Ds, Gs, Gs, Gs, Gs^Fds, Gs^Fds, Gs^Fms, Gs^Fms, Gs^Fms, Gs^Fms, Ds, Ds, Ds, Ww^Qhu, Wo^Qhu, Ww^Qhu, Gg, Gs^Fds, Gs^Fds
Gs^Fds, Gs^Fds, Gs^Fds, Gd^Vhr, Gg, Gg, Gg, Re, Gg, Gg, Gg, Gg^Edt, Re, Gg, Gg, Re, Gg, Re^Edt, Gg, Gg, Gg, Ww^Qhu, Ww^Qhu, Ds, Ds, Gs, Ds, Gs, Gs^Fds, Gs^Fds, Gs^Fms, Gs^Fms, Ds, Ds, Ds, Ds, Wo^Qhu, Wo^Qhu, Gs^Fds, Gg, Gs^Fds, Gs^Fds
Gs^Fds, Gs^Fms, Gg, Gg, Gg, Gg, Gg, Re, Gg, Gg, Gg, Gg, Gg, Gg, Gs, Gg, Gs^Fds, Gg, Gs, Gs, Gg, Ww^Qhu, Ww^Qhu, Ds, Ds, Ds, Ww^Qhu, Ds, Ww^Qhu, Gs^Fds, Ww, Gs^Fds, Ww^Qhu, Ww^Qhu, Ww^Qhu, Ww^Qhu, Wo^Qhu, Ww^Qhu, Gs^Fds, Gs^Fds, Gs^Fds, Gs^Fds
Gs^Fms, Gs^Fds, Gs^Fds, Gg, Ce, Ce, Re^Edt, Re, Gs, Gg, Gg, Gg, Gg, Gg, Gg, Gg, Gg, Gs^Fms, Gs, Gs, Gs, Gg, Ww^Qhu, Ww^Qhu, Ds, Ds, Ww^Qhu, Ww^Qhu, Wo^Qhu, Wo^Qhu, Wo^Qhu, Wo^Qhu, Ww^Qhu, Ww^Qhu, Wwr^Qhu, Wo^Qhu, Gg, Gs^Fds, Gs^Vc, Gs^Fds, Gs^Fds, Gs^Fds
Gs^Fms, Gll^Fp, Gg, Gg, 1 Ke, Ce, Re^Ecf, Re^Edt, Ce, Gg, Gs, Gg, Gg, Gg, Re^Edt, Re^Edt, Gg, Gg, Gs, Gs, Gg, Gg, Ww^Qhu, Ww^Qhu, Ww^Qhu, Ww^Qhu, Ww^Qhu, Wwr^Qhu, Ds^Qhu, Ww^Qhu, Ds^Qhu, Ww^Qhu, Ds^Qhu, Gg, Gg, Gg, Gg, Gs^Fds, Re, Gs^Fds, Gg, Gs^Fds
Gs^Fds, Gs^Fms, Gg, Gg, Gg, Re^Edt, Re^Edt, Ce, Ce, Gs, Gs, Gg, Gg, Gg, Re, Gd^Vhr, Gs^Fds, Gs^Fds, Gs^Fds, Gs^Fds, Gg, Gg, Gg, Ww^Qhu, Wo^Qhu, Wo^Qhu, Ww^Qhu, Ds^Qhu, Gg, Ds^Qhu, Gg, Ds^Qhu, Gg, Gg, Gg, Gg, Gg, Gg, Re, Gg, Gg, Gg
Gg, Gg, Gg, Gg, Re, Re, Gs, 2 Ke, Gs, Gs, Gs, Gs, Gg, Gg, Gg, Gg, Gs^Fms, Gll^Fp, Gs^Fds, Gs, Gg, Gg, Ww^Qhu, Ww^Qhu, Wo^Qhu, Wo^Qhu, Ds^Qhu, Ds^Qhu, Gg, Gg, Gg, Gg, Gs^Fds, Gs^Fds, Gs^Fds, Gs^Fds, Gs^Fds, Gg, Gg, Re, Gg, Gg
Gg, Gg, Gg, Gg, Re, Gs, Gg, Gs, Gs, Gs, Gs, Gs, Gs, Gg, Gg, Gs^Fds, Gs^Fms, Gs^Fms, Gg, Gg, Gg, Ww^Qhu, Ww^Qhu, Ww^Qhu, Wo^Qhu, Ww^Qhu, Ds^Qhu, Gg, Gg, Gg, Gg, Gs^Fds, Gg, Gs^Fds, Gs^Fds, Gs^Fds, Gs^Fds, Gg, Gg, Re, Gg, Gg
